// Vitest Snapshot v1, https://vitest.dev/guide/snapshot.html

exports[`App > matches snapshot 1`] = `
<div
  data-testid="App-1"
>
  <div
    className="container text-center mt-5"
  >
    <h1>
      BITCORN
    </h1>
    <div
      className="mt-5 p-4 border-black rounded sign-in container-sm"
    >
      <p>
        Welcome! Please sign in with your Bitcorn address
      </p>
      <hr />
      <form
        className="mt-4"
        onSubmit={[Function]}
      >
        <div
          className="row g-3 align-items-center justify-content-center"
        >
          <div
            className="col-auto"
          >
            <label
              className="form-label visually-hidden"
              htmlFor="address"
            >
              Address
            </label>
          </div>
          <div
            className="col-auto"
          >
            <input
              className="form-control"
              id="address"
              onChange={[Function]}
              placeholder="Jilly"
              type="text"
              value=""
            />
          </div>
          <div
            className="col-auto"
          >
            <button
              className="btn btn-dark"
              data-testid="sign-in-btn"
              type="submit"
            >
              SIGN IN
            </button>
          </div>
        </div>
      </form>
    </div>
  </div>
</div>
`;
