// Jest Snapshot v1, https://goo.gl/fbAQLP

exports[`BalanceCard matches snapshot 1`] = `
<div
  className="container text-center mt-5 p-4 border-black rounded card-custom"
  data-testid="BalanceCard-1"
>
  <h5>
    JobCoin Balance
  </h5>
  <hr />
  <p
    className="balance"
  >
    150
  </p>
</div>
`;
