// Jest Snapshot v1, https://goo.gl/fbAQLP

exports[`ChartCard matches snapshot 1`] = `
<div
  className="container mt-5 p-4 border-black rounded card-custom"
  data-testid="ChartCard-1"
>
  <div
    className="text-center"
  >
    <h5>
      Balance History
    </h5>
  </div>
  <hr />
  <div
    className="recharts-responsive-container"
    style={
      Object {
        "height": 550,
        "maxHeight": undefined,
        "minHeight": undefined,
        "minWidth": undefined,
        "width": "100%",
      }
    }
  />
</div>
`;
