// Jest Snapshot v1, https://goo.gl/fbAQLP

exports[`SendCard matches snapshot 1`] = `
<div
  className="container mt-5 p-4 border-black rounded card-custom"
  data-testid="SendCard-1"
>
  <div
    className="text-center"
  >
    <h5>
      Send JobCoin
    </h5>
  </div>
  <hr />
  <form
    onSubmit={[Function]}
  >
    <div
      className="mb-3"
    >
      <label
        className="form-label"
        htmlFor="toAddress"
      >
        Destination Address
      </label>
      <input
        className="form-control"
        data-testid="SendCard-input-1"
        id="toAddress"
        onChange={[Function]}
        type="text"
        value=""
      />
    </div>
    <div
      className="mb-3"
    >
      <label
        className="form-label"
        htmlFor="amount"
      >
        Amount to Send
      </label>
      <input
        className="form-control"
        data-testid="SendCard-input-2"
        id="amount"
        onChange={[Function]}
        type="text"
        value=""
      />
    </div>
    <button
      className="btn btn-primary"
      data-testid="SendCard-submit-1"
      type="submit"
    >
      Send
    </button>
  </form>
</div>
`;
