// Vitest Snapshot v1, https://vitest.dev/guide/snapshot.html

exports[`SignOutBtn > matches snapshot 1`] = `
<div>
  <button
    className="btn btn-outline-dark"
    data-testid="SignOutBtn-1"
    onClick={[Function]}
  >
    Sign Out
  </button>
</div>
`;

exports[`SignOutBtn matches snapshot 1`] = `
<div>
  <button
    className="btn btn-outline-dark"
    data-testid="SignOutBtn-1"
    onClick={[Function]}
  >
    Sign Out
  </button>
</div>
`;
